
> gsm-control@0.0.0 build
> tsc -b && vite build

src/components/MonthlyClosingModal.tsx(35,46): error TS2339: Property 'estado' does not exist on type 'DashboardUser'.
src/views/Configuracion.tsx(3,29): error TS6133: 'Key' is declared but its value is never read.
src/views/Metricas.tsx(2,5): error TS6133: 'Zap' is declared but its value is never read.
src/views/Metricas.tsx(3,5): error TS6133: 'BarChart3' is declared but its value is never read.
src/views/Metricas.tsx(7,5): error TS6133: 'ShieldCheck' is declared but its value is never read.
src/views/Metricas.tsx(8,5): error TS6133: 'Clock' is declared but its value is never read.
src/views/Metricas.tsx(9,5): error TS6133: 'CreditCard' is declared but its value is never read.
src/views/Metricas.tsx(46,11): error TS6133: 'totalIncome' is declared but its value is never read.
src/views/Metricas.tsx(124,62): error TS6133: 'entry' is declared but its value is never read.
src/views/Usuarios.tsx(4,21): error TS6133: 'CheckCircle2' is declared but its value is never read.
src/views/Usuarios.tsx(5,5): error TS6133: 'AlertTriangle' is declared but its value is never read.
src/views/Usuarios.tsx(5,30): error TS6133: 'CreditCard' is declared but its value is never read.
src/views/Usuarios.tsx(52,26): error TS6133: 'setConfirmModal' is declared but its value is never read.
