src/App.tsx(13,23): error TS6133: 'setSidebarOpen' is declared but its value is never read.
src/App.tsx(68,21): error TS2741: Property 'onRefresh' is missing in type '{ users: DashboardUser[]; isLoading: boolean; onUpdatePlan: ({ userId, newPlan }: { userId: string; newPlan: string; }) => void; onToggleStatus: (userId: string) => void; onCyclePlan: (userId: string) => void; }' but required in type 'UsuariosProps'.
src/views/Configuracion.tsx(3,50): error TS6133: 'Key' is declared but its value is never read.
src/views/Dashboard.tsx(84,51): error TS6133: 'entry' is declared but its value is never read.
